node.exe : npm warn 
Unknown cli config 
"--debug". This will 
stop working in the 
next major version of 
npm.
At C:\Program Files\no
dejs\npm.ps1:29 char:3
+   & $NODE_EXE 
$NPM_CLI_JS $args
+   ~~~~~~~~~~~~~~~~~~
~~~~~~~~~~~
    + CategoryInfo    
          : NotSpeci  
  fied: (npm warn U   
 nknow...version o    
f npm.:String) []    
, RemoteException
    + FullyQualifiedE 
   rrorId : NativeCo  
  mmandError
 

> next-js-starter@0.1.0 build
> next build

  έΨ▓ Next.js 14.2.11

   Creating an optimized production build ...
Failed to compile.

./components/ui/FadeCo
ntent.tsx
Error: 
  [31mx[0m You're 
importing a component 
that needs useRef. It 
only works in a 
Client Component but 
none of its parents 
are marked with "use 
client", so they're 
Server Components by 
default.
  [31m|[0m Learn 
more: https://nextjs.o
rg/docs/getting-starte
d/react-essentials
  [31m|[0m 
  [31m|[0m 
   ,-[[36;1;4mC:\User
s\Giann\Desktop\fitnes
s\components\ui\FadeCo
ntent.tsx[0m:1:1]
 [2m1[0m | import { 
useRef, useEffect, 
useState } from 
'react';
   : [31;1m         
^^^^^^[0m
 [2m2[0m | 
 [2m3[0m | 
interface 
FadeContentProps {
 [2m3[0m |   
children: 
React.ReactNode;
   `----

  [31mx[0m You're 
importing a component 
that needs useEffect. 
It only works in a 
Client Component but 
none of its parents 
are marked with "use 
client", so they're 
Server Components by 
default.
  [31m|[0m Learn 
more: https://nextjs.o
rg/docs/getting-starte
d/react-essentials
  [31m|[0m 
  [31m|[0m 
   ,-[[36;1;4mC:\User
s\Giann\Desktop\fitnes
s\components\ui\FadeCo
ntent.tsx[0m:1:1]
 [2m1[0m | import { 
useRef, useEffect, 
useState } from 
'react';
   : [31;1m          
       ^^^^^^^^^[0m
 [2m2[0m | 
 [2m3[0m | 
interface 
FadeContentProps {
 [2m3[0m |   
children: 
React.ReactNode;
   `----

  [31mx[0m You're 
importing a component 
that needs useState. 
It only works in a 
Client Component but 
none of its parents 
are marked with "use 
client", so they're 
Server Components by 
default.
  [31m|[0m Learn 
more: https://nextjs.o
rg/docs/getting-starte
d/react-essentials
  [31m|[0m 
  [31m|[0m 
   ,-[[36;1;4mC:\User
s\Giann\Desktop\fitnes
s\components\ui\FadeCo
ntent.tsx[0m:1:1]
 [2m1[0m | import { 
useRef, useEffect, 
useState } from 
'react';
   : [31;1m          
                  
^^^^^^^^[0m
 [2m2[0m | 
 [2m3[0m | 
interface 
FadeContentProps {
 [2m3[0m |   
children: 
React.ReactNode;
   `----

Import trace for 
requested module:
./components/ui/FadeCo
ntent.tsx
./components/CoreValue
s.tsx
./app/page.tsx


> Build failed 
because of webpack 
errors
